# dimensions
d 80 80
t tileset tileset.png 16 2
# content
d
c ...............................................................................
c ........................................................#......................
c .............................................#.................................
c .#......................##.....................................................
c ..........................##...................................................
c ..................####......#..................................................
c ..................#.........##.................................................
c ..................#..#.........................................................
c ..................#..###.....#.................................................
c ..................#.....#....#...........#.....................................
c .......#..........#.....#....#...................................#.............
c ..................#.....#...##.....#................#..........................
c ..................#.....####...................................................
c ..................#........................#...................................
c ..................#................#...........................................
c .....#............#............................................................
c ...................###...............................#.........................
c ................................................#..............................
c .....................................#.........................................
c ....#..........................................................................
c ...............................................................................
c ..........................................#................#...................
c ....................................#.............#............................
c ...............................######..........................................
c ............#..................#....#..........................................
c ...............................#....#.##.......................................
c ...............................#.......#.............#.........................
c ................#............#.#.......#.......................................
c ...............................#.......#.......................................
c ...............................#.......#..............#........................
c ...............................#.......#.......................................
c ...............................#########.......................................
c .................................#.............................................
c ...............................................................................
c ...............................................................................
c ........................................#......................................
c ....................#..........................................................
c ............................................................#..................
c ...............................................................................
c ...............................................................................
c ...............................................................................
c ...............................................................................
c ...............................................................................
c ...............................................................................
c ...............................................................................
c ...............................................................................
c ........................................................#......................
c ...............................................................................
c ...............................................................................
c ...............................................................................
c ...............................................................................
c ...............................................................................
c ...............................................................................
c ...............................................................................
c ...............................................................................
c ...............................................................................
c ...............................................................................
c ...............................................................................
c ...............................................................................
c ...............................................................................
c ...............................................................................
c ...............................................................................
c ...............................................................................
c ...............................................................................
c ...............................................................................
c ...............................................................................
c ...............................................................................
c ...............................................................................
c ...............................................................................
c ...............................................................................
c ...............................................................................
c ...............................................................................
c ...............................................................................
c ...............................................................................
c ...............................................................................
c ...............................................................................
c ...............................................................................
c ...............................................................................
c ...............................................................................
c ...............................................................................
c ...............................................................................
c ...............................................................................
c ...............................................................................
c ...............................................................................
c ...............................................................................
c ...............................................................................
c ...............................................................................
c ...............................................................................
c ...............................................................................
c ...............................................................................
c ...............................................................................
c ...............................................................................
c ...............................................................................
c ...............................................................................
c ...............................................................................
c ...............................................................................
c ...............................................................................
c ...............................................................................
c ...............................................................................
c ...............................................................................
c ...............................................................................
c ...............................................................................
c ...............................................................................
c ...............................................................................
c ...............................................................................
c ...............................................................................
c ...............................................................................
c ...............................................................................
c ...............................................................................
c ...............................................................................
c ...............................................................................
c ...............................................................................
c ...............................................................................
c ...............................................................................
c ...............................................................................
c ...............................................................................
c ...............................................................................
c ...............................................................................
c ...............................................................................
c ...............................................................................
c ...............................................................................
c ...............................................................................
c ...............................................................................
c ...............................................................................
c ...............................................................................
c ...............................................................................
c ...............................................................................
c ...............................................................................
c ...............................................................................
c ...............................................................................
c ...............................................................................
c ...............................................................................
c ...............................................................................
c ...............................................................................
c ...............................................................................
c ...............................................................................
c ...............................................................................
c ...............................................................................
c ...............................................................................
c ...............................................................................
c ...............................................................................
c ...............................................................................
c ...............................................................................
c ...............................................................................
c ...............................................................................
c ...............................................................................
c ...............................................................................
c ...............................................................................
c ...............................................................................
c ...............................................................................
c ...............................................................................
c ...............................................................................
c ...............................................................................
c ...............................................................................
c ...............................................................................
c ...............................................................................
c ...............................................................................
c ...............................................................................
c ...............................................................................
